Processing input/bad-embed-json.csv
Error parsing JSON: [ (field: test.a, line: 2)
