Processing input/bad-json.json
Error parsing JSON file: input/bad-json.json
