Processing input/missing.csv
Error opening input file: input/missing.csv
