Processing input/simple-csv.csv
Processing input/simple-csv-2.csv
